
User@HOME-PC MINGW64 /d/devgit/test1 (main)
$ git status
On branch main

No commits yet

Changes to be committed:
  (use "git rm --cached <file>..." to unstage)
        new file:   tt.txt


User@HOME-PC MINGW64 /d/devgit/test1 (main)
$ git add *

User@HOME-PC MINGW64 /d/devgit/test1 (main)
$ git status
On branch main

No commits yet

Changes to be committed:
  (use "git rm --cached <file>..." to unstage)
        new file:   tt.txt


User@HOME-PC MINGW64 /d/devgit/test1 (main)
$ git init
Reinitialized existing Git repository in D:/devgit/test1/.git/

User@HOME-PC MINGW64 /d/devgit/test1 (main)
$ git add tt,txt
fatal: pathspec 'tt,txt' did not match any files

User@HOME-PC MINGW64 /d/devgit/test1 (main)
$ git add ,
fatal: pathspec ',' did not match any files

User@HOME-PC MINGW64 /d/devgit/test1 (main)
$ git add .

User@HOME-PC MINGW64 /d/devgit/test1 (main)
$ git status
On branch main

No commits yet

Changes to be committed:
  (use "git rm --cached <file>..." to unstage)
        new file:   tt.txt


User@HOME-PC MINGW64 /d/devgit/test1 (main)
$ git commit -m 'committest1'
[main (root-commit) 137a44d] committest1
 1 file changed, 0 insertions(+), 0 deletions(-)
 create mode 100644 tt.txt

User@HOME-PC MINGW64 /d/devgit/test1 (main)
$ ssh-keygen.exe
Generating public/private rsa key pair.
Enter file in which to save the key (/c/Users/User/.ssh/id_rsa):
Created directory '/c/Users/User/.ssh'.
Enter passphrase (empty for no passphrase):
Enter same passphrase again:
Your identification has been saved in /c/Users/User/.ssh/id_rsa
Your public key has been saved in /c/Users/User/.ssh/id_rsa.pub
The key fingerprint is:
SHA256:gGduJwX+789Tny2/owk6hVuLhjPyLaFi/EEVWcqX2PE User@HOME-PC
The key's randomart image is:
+---[RSA 3072]----+
|      ..oo       |
|     o.o= +      |
|    . ==.+ E     |
|     +.+.        |
|     .+ S .      |
|    .. + o o  .  |
|  .  .. o *... .o|
|   + o.=.*.oo ooo|
|  . o.o.=oo.o+.++|
+----[SHA256]-----+

User@HOME-PC MINGW64 /d/devgit/test1 (main)
$ cat ~/.ssh/id_rsa.pub
ssh-rsa AAAAB3NzaC1yc2EAAAADAQABAAABgQDv4tLr5jIgWdZtjZVYXZW7nj+XgtX6UclLLhH4RHp5bK68suOMdvitJRFP5HxQOF/1AojpIrwvhoZo2hw/fHSk5upImgapI5ERa9DVq2Tlmr48tbpwo3zXJgG9xPqf8HVQyQGP8Y7/TteEMsxBNMQbIgQH+iNx2b7RvCpF4WNHlh25esNCSJ5juTIPmlCGwFI0wrJGQ3i5RD1NA8IvvuyneJPN/xDusog5gd60e0oBZufJ0ZF0fSD6HuTiOA99fX2oOrpSr/iS4U4xvpDrW5Y0P1KCtSGIJetv8gQUMXPCbrQ73afbvDyxF2hbxbOcvTNdBGCmhCvpBufPqYsHpkUcK07l5zMdQo9lnp7RfeH/mxWXwWyk4LFa19LuMC2JuitRH+fGKsk6XiJEwWwS3nsRje+jsCexrDt0wflyBmQx9XEb1B5OpFA3Jbb1Pd0peum7CMqNCiR/a6TP2UT8uSewYPGWJK76I1hxBNGMZgMxMKqhZmzDFjoeI507HOgN76k= User@HOME-PC

User@HOME-PC MINGW64 /d/devgit/test1 (main)
$ git remote add origin https://github.com/MorozanAlexei/my_rep.git

User@HOME-PC MINGW64 /d/devgit/test1 (main)
$ git remote
origin

User@HOME-PC MINGW64 /d/devgit/test1 (main)
$ git push -u origin master
error: src refspec master does not match any
error: failed to push some refs to 'https://github.com/MorozanAlexei/my_rep.git'

User@HOME-PC MINGW64 /d/devgit/test1 (main)
$ git push -u origin main

y

awd
awd
      1 [sig] sh 742! sigpacket::process: Suppressing signal 18 to win32 process (pid 7328)
      0 [sig] bash 741! sigpacket::process: Suppressing signal 18 to win32 process (pid 2620)

3111869 [sig] sh 742! sigpacket::process: Suppressing signal 18 to win32 process (pid 7328)
3111838 [sig] bash 741! sigpacket::process: Suppressing signal 18 to win32 process (pid 2620)
3623953 [sig] sh 742! sigpacket::process: Suppressing signal 18 to win32 process (pid 7328)
3623995 [sig] bash 741! sigpacket::process: Suppressing signal 18 to win32 process (pid 2620)
3845416 [sig] sh 742! sigpacket::process: Suppressing signal 18 to win32 process (pid 7328)
3843261 [sig] bash 741! sigpacket::process: Suppressing signal 18 to win32 process (pid 2620)
4016042 [sig] sh 742! sigpacket::process: Suppressing signal 18 to win32 process (pid 7328)
4015995 [sig] bash 741! sigpacket::process: Suppressing signal 18 to win32 process (pid 2620)

User@HOME-PC MINGW64 /d/devgit/test1 (main)
$

User@HOME-PC MINGW64 /d/devgit/test1 (main)
$ y
bash: y: command not found

User@HOME-PC MINGW64 /d/devgit/test1 (main)
$
fatal: helper error (-1073741510): Unknown

User@HOME-PC MINGW64 /d/devgit/test1 (main)
$ awd
bash: awd: command not found

User@HOME-PC MINGW64 /d/devgit/test1 (main)
$ awd
bash: awd: command not found

User@HOME-PC MINGW64 /d/devgit/test1 (main)
$

User@HOME-PC MINGW64 /d/devgit/test1 (main)
$


User@HOME-PC MINGW64 /d/devgit/test1 (main)
$ it branch -M main
bash: it: command not found

User@HOME-PC MINGW64 /d/devgit/test1 (main)
$ $ git push -u origin main
bash: $: command not found

User@HOME-PC MINGW64 /d/devgit/test1 (main)
$ git branch -M main

User@HOME-PC MINGW64 /d/devgit/test1 (main)
$ git push -u origin main
Enumerating objects: 3, done.
Counting objects: 100% (3/3), done.
Writing objects: 100% (3/3), 213 bytes | 213.00 KiB/s, done.
Total 3 (delta 0), reused 0 (delta 0), pack-reused 0
To https://github.com/MorozanAlexei/my_rep.git
 * [new branch]      main -> main
Branch 'main' set up to track remote branch 'main' from 'origin'.

User@HOME-PC MINGW64 /d/devgit/test1 (main)
$
